Info: Generated by version: 20.4 build 72
Info: Starting: Create block symbol file (.bsf)
Info: qsys-generate /home/stratix10/Documents/bist_20.4/esram_testing/qsys/ip/system_manager/system_manager_flash_memory_buffer.ip --block-symbol-file --output-directory=/home/stratix10/Documents/bist_20.4/esram_testing/qsys/ip/system_manager/system_manager_flash_memory_buffer --family="Stratix 10" --part=1SM21CHU2F53E2VG
Info: qsys-generate succeeded.
Info: Finished: Create block symbol file (.bsf)
Info: 
Info: Starting: Create HDL design files for synthesis
Info: qsys-generate /home/stratix10/Documents/bist_20.4/esram_testing/qsys/ip/system_manager/system_manager_flash_memory_buffer.ip --synthesis=VERILOG --output-directory=/home/stratix10/Documents/bist_20.4/esram_testing/qsys/ip/system_manager/system_manager_flash_memory_buffer --family="Stratix 10" --part=1SM21CHU2F53E2VG
Info: system_manager_flash_memory_buffer: "Transforming system: system_manager_flash_memory_buffer"
Info: system_manager_flash_memory_buffer: "Naming system components in system: system_manager_flash_memory_buffer"
Info: system_manager_flash_memory_buffer: "Processing generation queue"
Info: system_manager_flash_memory_buffer: "Generating: system_manager_flash_memory_buffer"
Info: system_manager_flash_memory_buffer: "Generating: system_manager_flash_memory_buffer_altera_avalon_onchip_memory2_1920_m4ynhui"
Info: flash_memory_buffer: Starting RTL generation for module 'system_manager_flash_memory_buffer_altera_avalon_onchip_memory2_1920_m4ynhui'
Info: flash_memory_buffer:   Generation command is [exec /home/stratix10/intelFPGA_pro/20.4/quartus/linux64/perl/bin/perl -I /home/stratix10/intelFPGA_pro/20.4/quartus/linux64/perl/lib -I /home/stratix10/intelFPGA_pro/20.4/quartus/sopc_builder/bin/europa -I /home/stratix10/intelFPGA_pro/20.4/quartus/sopc_builder/bin/perl_lib -I /home/stratix10/intelFPGA_pro/20.4/quartus/sopc_builder/bin -I /home/stratix10/intelFPGA_pro/20.4/quartus/../ip/altera/sopc_builder_ip/common -I /home/stratix10/intelFPGA_pro/20.4/quartus/../ip/altera/sopc_builder_ip/altera_avalon_onchip_memory2 -- /home/stratix10/intelFPGA_pro/20.4/quartus/../ip/altera/sopc_builder_ip/altera_avalon_onchip_memory2/generate_rtl.pl --name=system_manager_flash_memory_buffer_altera_avalon_onchip_memory2_1920_m4ynhui --dir=/tmp/alt0440_3170258168903786126.dir/0048_flash_memory_buffer_gen/ --quartus_dir=/home/stratix10/intelFPGA_pro/20.4/quartus --verilog --config=/tmp/alt0440_3170258168903786126.dir/0048_flash_memory_buffer_gen//system_manager_flash_memory_buffer_altera_avalon_onchip_memory2_1920_m4ynhui_component_configuration.pl  --do_build_sim=0  ]
Info: flash_memory_buffer: Done RTL generation for module 'system_manager_flash_memory_buffer_altera_avalon_onchip_memory2_1920_m4ynhui'
Info: system_manager_flash_memory_buffer: Done "system_manager_flash_memory_buffer" with 2 modules, 3 files
Info: qsys-generate succeeded.
Info: Finished: Create HDL design files for synthesis
Info: Starting: Generate IP Core Documentation
Info: No documentation filesets were found for components in system_manager_flash_memory_buffer. No files generated.
Info: Finished: Generate IP Core Documentation
