Info: Generated by version: 20.4 build 72
Info: Starting: Create block symbol file (.bsf)
Info: qsys-generate /home/stratix10/Documents/bist_20.4/esram_testing/qsys/ip/qsys_top/hbm_0_0_clock_crossing_bridge.ip --block-symbol-file --output-directory=/home/stratix10/Documents/bist_20.4/esram_testing/qsys/ip/qsys_top/hbm_0_0_clock_crossing_bridge --family="Stratix 10" --part=1SM21CHU2F53E2VG
Info: qsys-generate succeeded.
Info: Finished: Create block symbol file (.bsf)
Info: 
Info: Starting: Create HDL design files for synthesis
Info: qsys-generate /home/stratix10/Documents/bist_20.4/esram_testing/qsys/ip/qsys_top/hbm_0_0_clock_crossing_bridge.ip --synthesis=VERILOG --output-directory=/home/stratix10/Documents/bist_20.4/esram_testing/qsys/ip/qsys_top/hbm_0_0_clock_crossing_bridge --family="Stratix 10" --part=1SM21CHU2F53E2VG
Info: hbm_0_0_clock_crossing_bridge: "Transforming system: hbm_0_0_clock_crossing_bridge"
Info: hbm_0_0_clock_crossing_bridge: "Naming system components in system: hbm_0_0_clock_crossing_bridge"
Info: hbm_0_0_clock_crossing_bridge: "Processing generation queue"
Info: hbm_0_0_clock_crossing_bridge: "Generating: hbm_0_0_clock_crossing_bridge"
Info: hbm_0_0_clock_crossing_bridge: "Generating: hbm_0_0_clock_crossing_bridge_altera_avalon_mm_clock_crossing_bridge_1920_gzb542y"
Info: my_altera_avalon_dc_fifo_cmd_fifo: "Generating: my_altera_avalon_dc_fifo_cmd_fifo"
Info: my_altera_avalon_dc_fifo_rsp_fifo: "Generating: my_altera_avalon_dc_fifo_rsp_fifo"
Info: hbm_0_0_clock_crossing_bridge: "Generating: hbm_0_0_clock_crossing_bridge_altera_avalon_mm_clock_crossing_bridge_altera_avalon_dc_fifo_1920_nbvxvca"
Info: hbm_0_0_clock_crossing_bridge: "Generating: hbm_0_0_clock_crossing_bridge_altera_avalon_mm_clock_crossing_bridge_altera_avalon_dc_fifo_1920_vlemumq"
Info: hbm_0_0_clock_crossing_bridge: "Generating: hbm_0_0_clock_crossing_bridge_altera_avalon_dc_fifo_1940_j7a573y"
Info: hbm_0_0_clock_crossing_bridge: Done "hbm_0_0_clock_crossing_bridge" with 5 modules, 8 files
Info: qsys-generate succeeded.
Info: Finished: Create HDL design files for synthesis
Info: Starting: Generate IP Core Documentation
Info: No documentation filesets were found for components in hbm_0_0_clock_crossing_bridge. No files generated.
Info: Finished: Generate IP Core Documentation
