Info: Generated by version: 20.4 build 72
Info: Starting: Create block symbol file (.bsf)
Info: qsys-generate /home/stratix10/Documents/bist_20.4/esram_testing/qsys/ip/qsys_top/ocmem.ip --block-symbol-file --output-directory=/home/stratix10/Documents/bist_20.4/esram_testing/qsys/ip/qsys_top/ocmem --family="Stratix 10" --part=1SM21CHU2F53E2VG
Info: qsys-generate succeeded.
Info: Finished: Create block symbol file (.bsf)
Info: 
Info: Starting: Create HDL design files for synthesis
Info: qsys-generate /home/stratix10/Documents/bist_20.4/esram_testing/qsys/ip/qsys_top/ocmem.ip --synthesis=VERILOG --output-directory=/home/stratix10/Documents/bist_20.4/esram_testing/qsys/ip/qsys_top/ocmem --family="Stratix 10" --part=1SM21CHU2F53E2VG
Info: ocmem: "Transforming system: ocmem"
Info: ocmem: "Naming system components in system: ocmem"
Info: ocmem: "Processing generation queue"
Info: ocmem: "Generating: ocmem"
Info: ocmem: "Generating: ocmem_altera_avalon_onchip_memory2_1920_3w5lm7i"
Info: ocmem: Starting RTL generation for module 'ocmem_altera_avalon_onchip_memory2_1920_3w5lm7i'
Info: ocmem:   Generation command is [exec /home/stratix10/intelFPGA_pro/20.4/quartus/linux64/perl/bin/perl -I /home/stratix10/intelFPGA_pro/20.4/quartus/linux64/perl/lib -I /home/stratix10/intelFPGA_pro/20.4/quartus/sopc_builder/bin/europa -I /home/stratix10/intelFPGA_pro/20.4/quartus/sopc_builder/bin/perl_lib -I /home/stratix10/intelFPGA_pro/20.4/quartus/sopc_builder/bin -I /home/stratix10/intelFPGA_pro/20.4/quartus/../ip/altera/sopc_builder_ip/common -I /home/stratix10/intelFPGA_pro/20.4/quartus/../ip/altera/sopc_builder_ip/altera_avalon_onchip_memory2 -- /home/stratix10/intelFPGA_pro/20.4/quartus/../ip/altera/sopc_builder_ip/altera_avalon_onchip_memory2/generate_rtl.pl --name=ocmem_altera_avalon_onchip_memory2_1920_3w5lm7i --dir=/tmp/alt0440_6990556781319273180.dir/0001_ocmem_gen/ --quartus_dir=/home/stratix10/intelFPGA_pro/20.4/quartus --verilog --config=/tmp/alt0440_6990556781319273180.dir/0001_ocmem_gen//ocmem_altera_avalon_onchip_memory2_1920_3w5lm7i_component_configuration.pl  --do_build_sim=0  ]
Info: ocmem: Done RTL generation for module 'ocmem_altera_avalon_onchip_memory2_1920_3w5lm7i'
Info: ocmem: Done "ocmem" with 2 modules, 3 files
Info: qsys-generate succeeded.
Info: Finished: Create HDL design files for synthesis
Info: Starting: Generate IP Core Documentation
Info: No documentation filesets were found for components in ocmem. No files generated.
Info: Finished: Generate IP Core Documentation
