Info: Generated by version: 20.4 build 72
Info: Starting: Create block symbol file (.bsf)
Info: qsys-generate /home/stratix10/Documents/bist_20.4/bist_top_me3_svn2527_basic/qsys/ip/av_hbm/hbm_example_design/ip/ed_synth/bottom_core_clk_iopll.ip --block-symbol-file --output-directory=/home/stratix10/Documents/bist_20.4/bist_top_me3_svn2527_basic/qsys/ip/av_hbm/hbm_example_design/ip/ed_synth/bottom_core_clk_iopll --family="Stratix 10" --part=1SM21CHU2F53E2VG
Warning: core_clk_iopll_0: Used altera_iopll 19.3.1 (instead of 19.3.0)
Info: bottom_core_clk_iopll.core_clk_iopll_0: Able to implement PLL with user settings
Info: qsys-generate succeeded.
Info: Finished: Create block symbol file (.bsf)
Info: 
Info: Starting: Create HDL design files for synthesis
Info: qsys-generate /home/stratix10/Documents/bist_20.4/bist_top_me3_svn2527_basic/qsys/ip/av_hbm/hbm_example_design/ip/ed_synth/bottom_core_clk_iopll.ip --synthesis=VERILOG --output-directory=/home/stratix10/Documents/bist_20.4/bist_top_me3_svn2527_basic/qsys/ip/av_hbm/hbm_example_design/ip/ed_synth/bottom_core_clk_iopll --family="Stratix 10" --part=1SM21CHU2F53E2VG
Warning: core_clk_iopll_0: Used altera_iopll 19.3.1 (instead of 19.3.0)
Info: bottom_core_clk_iopll.core_clk_iopll_0: Able to implement PLL with user settings
Info: bottom_core_clk_iopll: "Transforming system: bottom_core_clk_iopll"
Info: bottom_core_clk_iopll: "Naming system components in system: bottom_core_clk_iopll"
Info: bottom_core_clk_iopll: "Processing generation queue"
Info: bottom_core_clk_iopll: "Generating: bottom_core_clk_iopll"
Info: bottom_core_clk_iopll: "Generating: bottom_core_clk_iopll_altera_iopll_1931_ukv7iuy"
Info: bottom_core_clk_iopll: Done "bottom_core_clk_iopll" with 2 modules, 8 files
Info: qsys-generate succeeded.
Info: Finished: Create HDL design files for synthesis
