Info: Generated by version: 20.4 build 72
Info: Starting: Create block symbol file (.bsf)
Info: qsys-generate /home/stratix10/Documents/bist_20.4/esram_testing/qsys/ip/qsys_top/qsys_top_hbm_0.ip --block-symbol-file --output-directory=/home/stratix10/Documents/bist_20.4/esram_testing/qsys/ip/qsys_top/qsys_top_hbm_0 --family="Stratix 10" --part=1SM21CHU2F53E2VG
Info: qsys_top_hbm_0.hbm_0: Run the default traffic pattern option is not applicable to channel 0, 1, 2, 3, 4, 5, 6, 7 with Avalon-MM interface selected.
Info: qsys-generate succeeded.
Info: Finished: Create block symbol file (.bsf)
Info: 
Info: Starting: Create HDL design files for synthesis
Info: qsys-generate /home/stratix10/Documents/bist_20.4/esram_testing/qsys/ip/qsys_top/qsys_top_hbm_0.ip --synthesis=VERILOG --output-directory=/home/stratix10/Documents/bist_20.4/esram_testing/qsys/ip/qsys_top/qsys_top_hbm_0 --family="Stratix 10" --part=1SM21CHU2F53E2VG
Info: qsys_top_hbm_0.hbm_0: Run the default traffic pattern option is not applicable to channel 0, 1, 2, 3, 4, 5, 6, 7 with Avalon-MM interface selected.
Info: qsys_top_hbm_0: "Transforming system: qsys_top_hbm_0"
Info: qsys_top_hbm_0: "Naming system components in system: qsys_top_hbm_0"
Info: qsys_top_hbm_0: "Processing generation queue"
Info: qsys_top_hbm_0: "Generating: qsys_top_hbm_0"
Info: qsys_top_hbm_0: "Generating: qsys_top_hbm_0_altera_hbm_1961_rn7t4my"
Info: qsys_top_hbm_0: "Generating: qsys_top_hbm_0_altera_abstract_uib_191_bkp7vva"
Info: uibpll_inst: "Generating: uibpll_inst"
Info: qsys_top_hbm_0: "Generating: altera_avl_ufi_adapter"
Info: qsys_top_hbm_0: "Generating: qsys_top_hbm_0_altera_abstract_uib_altera_iopll_191_rkvle4y"
Info: qsys_top_hbm_0: "Generating: qsys_top_hbm_0_altera_iopll_1931_vxcchyy"
Info: qsys_top_hbm_0: Done "qsys_top_hbm_0" with 6 modules, 78 files
Info: qsys-generate succeeded.
Info: Finished: Create HDL design files for synthesis
Info: Starting: Generate IP Core Documentation
Info: The documentation fileset hbm_0.doc_fileset was saved to: /home/stratix10/Documents/bist_20.4/esram_testing/qsys/ip/qsys_top/qsys_top_hbm_0/doc/hbm_0 
Info: Finished: Generate IP Core Documentation
