Info: Generated by version: 20.4 build 72
Info: Starting: Create block symbol file (.bsf)
Info: qsys-generate /home/stratix10/Documents/bist_20.4/esram_testing/qsys/ip/qsys_top/qsys_top_esram_0.ip --block-symbol-file --output-directory=/home/stratix10/Documents/bist_20.4/esram_testing/qsys/ip/qsys_top/qsys_top_esram_0 --family="Stratix 10" --part=1SM21CHU2F53E2VG
Info: qsys_top_esram_0.esram_0: Targeting device family: Stratix 10.
Info: qsys_top_esram_0.esram_0.iopll: Able to implement PLL with user settings
Info: qsys-generate succeeded.
Info: Finished: Create block symbol file (.bsf)
Info: 
Info: Starting: Create HDL design files for synthesis
Info: qsys-generate /home/stratix10/Documents/bist_20.4/esram_testing/qsys/ip/qsys_top/qsys_top_esram_0.ip --synthesis=VERILOG --output-directory=/home/stratix10/Documents/bist_20.4/esram_testing/qsys/ip/qsys_top/qsys_top_esram_0 --family="Stratix 10" --part=1SM21CHU2F53E2VG
Info: qsys_top_esram_0.esram_0: Targeting device family: Stratix 10.
Info: qsys_top_esram_0.esram_0.iopll: Able to implement PLL with user settings
Info: esram_0.iopll: Able to implement PLL with user settings
Info: qsys_top_esram_0: "Transforming system: qsys_top_esram_0"
Info: qsys_top_esram_0: "Naming system components in system: qsys_top_esram_0"
Info: qsys_top_esram_0: "Processing generation queue"
Info: qsys_top_esram_0: "Generating: qsys_top_esram_0"
Info: qsys_top_esram_0: "Generating: qsys_top_esram_0_esram_1915_oin7xpq"
Info: iopll: "Generating: iopll"
Info: qsys_top_esram_0: "Generating: qsys_top_esram_0_esram_altera_iopll_1915_6n5555i"
Info: qsys_top_esram_0: "Generating: qsys_top_esram_0_altera_iopll_1931_i3xjh2y"
Info: qsys_top_esram_0: Done "qsys_top_esram_0" with 4 modules, 12 files
Info: qsys-generate succeeded.
Info: Finished: Create HDL design files for synthesis
Info: Starting: Generate IP Core Documentation
Info: No documentation filesets were found for components in qsys_top_esram_0. No files generated.
Info: Finished: Generate IP Core Documentation
