Info: Generated by version: 20.4 build 72
Info: Starting: Create block symbol file (.bsf)
Info: qsys-generate /home/stratix10/Documents/bist_20.4/bist_top_me3_svn2527_basic/qsys/ip/av_esram/esram_0.ip --block-symbol-file --output-directory=/home/stratix10/Documents/bist_20.4/bist_top_me3_svn2527_basic/qsys/ip/av_esram/esram_0 --family="Stratix 10" --part=1SM21CHU2F53E2VG
Warning: esram_0: Used esram 19.1.5 (instead of 19.1.3)
Info: esram_0.esram_0: Targeting device family: Stratix 10.
Info: esram_0.esram_0.iopll: Able to implement PLL with user settings
Info: qsys-generate succeeded.
Info: Finished: Create block symbol file (.bsf)
Info: 
Info: Starting: Create HDL design files for synthesis
Info: qsys-generate /home/stratix10/Documents/bist_20.4/bist_top_me3_svn2527_basic/qsys/ip/av_esram/esram_0.ip --synthesis=VERILOG --output-directory=/home/stratix10/Documents/bist_20.4/bist_top_me3_svn2527_basic/qsys/ip/av_esram/esram_0 --family="Stratix 10" --part=1SM21CHU2F53E2VG
Warning: esram_0: Used esram 19.1.5 (instead of 19.1.3)
Info: esram_0.esram_0: Targeting device family: Stratix 10.
Info: esram_0.esram_0.iopll: Able to implement PLL with user settings
Info: esram_0.iopll: Able to implement PLL with user settings
Info: esram_0: "Transforming system: esram_0"
Info: esram_0: "Naming system components in system: esram_0"
Info: esram_0: "Processing generation queue"
Info: esram_0: "Generating: esram_0"
Info: esram_0: "Generating: esram_0_esram_1915_yghfbai"
Info: iopll: "Generating: iopll"
Info: esram_0: "Generating: esram_0_esram_altera_iopll_1915_nrertia"
Info: esram_0: "Generating: esram_0_altera_iopll_1931_dz7spca"
Info: esram_0: Done "esram_0" with 4 modules, 12 files
Info: qsys-generate succeeded.
Info: Finished: Create HDL design files for synthesis
