Info: Generated by version: 20.4 build 72
Info: Starting: Create block symbol file (.bsf)
Info: qsys-generate /home/stratix10/Documents/bist_20.4/bist_top_me3_svn2527_basic/qsys/ip/av_hbm/hbm_example_design/ip/ed_synth/hbm_top_example_design.ip --block-symbol-file --output-directory=/home/stratix10/Documents/bist_20.4/bist_top_me3_svn2527_basic/qsys/ip/av_hbm/hbm_example_design/ip/ed_synth/hbm_top_example_design --family="Stratix 10" --part=1SM21CHU2F53E2VG
Warning: hbm_0_example_design: Used altera_hbm 19.6.1 (instead of 19.3.0)
Info: hbm_top_example_design.hbm_0_example_design: Starting Quartus 19.4, the backpressure registers are instantiated while generating the HBM2 IP itself and you are no longer required to implement them manually. If you have used the backpressure latency feature in a previous Quartus release and are upgrading to Quartus 19.4 or later, you will need to remove the backpressure registers manually implemented or disable the option "Automatically instantiate backpressure registers within HBM2 IP", and then regenerate the HBM2 IP. Not making this change will lead to the HBM2 interface not functional. Refer to the HBM2 IP User guide for additional information.
Info: hbm_top_example_design.hbm_0_example_design: To achieve better timing closure, disable the In-System-Sources-and-Probes.
Info: qsys-generate succeeded.
Info: Finished: Create block symbol file (.bsf)
Info: 
Info: Starting: Create HDL design files for synthesis
Info: qsys-generate /home/stratix10/Documents/bist_20.4/bist_top_me3_svn2527_basic/qsys/ip/av_hbm/hbm_example_design/ip/ed_synth/hbm_top_example_design.ip --synthesis=VERILOG --output-directory=/home/stratix10/Documents/bist_20.4/bist_top_me3_svn2527_basic/qsys/ip/av_hbm/hbm_example_design/ip/ed_synth/hbm_top_example_design --family="Stratix 10" --part=1SM21CHU2F53E2VG
Warning: hbm_0_example_design: Used altera_hbm 19.6.1 (instead of 19.3.0)
Info: hbm_top_example_design.hbm_0_example_design: Starting Quartus 19.4, the backpressure registers are instantiated while generating the HBM2 IP itself and you are no longer required to implement them manually. If you have used the backpressure latency feature in a previous Quartus release and are upgrading to Quartus 19.4 or later, you will need to remove the backpressure registers manually implemented or disable the option "Automatically instantiate backpressure registers within HBM2 IP", and then regenerate the HBM2 IP. Not making this change will lead to the HBM2 interface not functional. Refer to the HBM2 IP User guide for additional information.
Info: hbm_top_example_design.hbm_0_example_design: To achieve better timing closure, disable the In-System-Sources-and-Probes.
Info: hbm_top_example_design: "Transforming system: hbm_top_example_design"
Info: hbm_top_example_design: "Naming system components in system: hbm_top_example_design"
Info: hbm_top_example_design: "Processing generation queue"
Info: hbm_top_example_design: "Generating: hbm_top_example_design"
Info: hbm_top_example_design: "Generating: hbm_top_example_design_altera_hbm_1961_p52jdry"
Info: hbm_top_example_design: "Generating: hbm_top_example_design_altera_abstract_uib_191_e5nceni"
Info: uibpll_inst: "Generating: uibpll_inst"
Info: hbm_top_example_design: "Generating: altera_axi_ufi_adapter"
Info: hbm_top_example_design: "Generating: hbm_top_example_design_altera_abstract_uib_altera_iopll_191_rkvle4y"
Info: hbm_top_example_design: "Generating: hbm_top_example_design_altera_iopll_1931_vxcchyy"
Info: hbm_top_example_design: Done "hbm_top_example_design" with 6 modules, 81 files
Info: qsys-generate succeeded.
Info: Finished: Create HDL design files for synthesis
